Microchip MPLAB XC8 Compiler V2.35

Linker command line:

-W-3 --edf=C:\Program Files\Microchip\xc8\v2.35\pic\dat\en_msgs.txt -cn \
  -h+dist/default/production\Lab7.X.production.sym \
  --cmf=dist/default/production\Lab7.X.production.cmf -z -Q16F887 \
  -oC:\Users\Josea\AppData\Local\Temp\xcAs1b8.4 --defsym=__MPLAB_BUILD=1 \
  -Mdist/default/production/Lab7.X.production.map \
  --md=C:\Users\Josea\AppData\Local\Temp\xcAs1b8.dat -E1 -ver=XC8 Compiler \
  --acfsm=1493 -ACODE=00h-07FFhx4 -ASTRCODE=00h-01FFFh -ASTRING=00h-0FFhx32 \
  -ACONST=00h-0FFhx32 -AENTRY=00h-0FFhx32 -ACOMMON=070h-07Fh \
  -ABANK0=020h-06Fh -ABANK1=0A0h-0EFh -ABANK2=0110h-016Fh \
  -ABANK3=0190h-01EFh -ARAM=020h-06Fh,0A0h-0EFh,0110h-016Fh,0190h-01EFh \
  -AABS1=020h-07Fh,0A0h-0EFh,0110h-016Fh,0190h-01EFh -ASFR0=00h-01Fh \
  -ASFR1=080h-09Fh -ASFR2=0100h-010Fh -ASFR3=0180h-018Fh \
  -ACONFIG=02007h-02008h -DCONFIG=2 -AIDLOC=02000h-02003h -DIDLOC=2 \
  -AEEDATA=00h-0FFh/02100h -peeprom_data=EEDATA -DEEDATA=2 -DCODE=2 \
  -DSTRCODE=2 -DSTRING=2 -DCONST=2 -DENTRY=2 \
  -preset_vec=00h,intentry=04h,init,end_init -ppowerup=CODE -pcinit=CODE \
  -pfunctab=ENTRY -k C:\Users\Josea\AppData\Local\Temp\xcAs1b8.o \
  dist/default/production\Lab7.X.production.o 

Object code version is 3.11

Machine type is 16F887



                Name                               Link     Load   Length Selector   Space Scale
C:\Users\Josea\AppData\Local\Temp\xcAs1b8.o
                end_init                              C        C        3        8       0
                reset_vec                             0        0        3        0       0
                config                             2007     2007        2        0       4
                idloc                              2000     2000        4        0       5
dist/default/production\Lab7.X.production.o
                cinit                                 F        F       17        8       0
                intentry                              4        4        8        8       0
                config                             2007     2007        2        0       4
                idloc                              2000     2000        4        0       5
                text6                               199      199       32        8       0
                text5                               1FB      1FB       19        8       0
                text4                                95       95       69        8       0
                text3                                FE       FE       5B        8       0
                text2                                26       26       6F        8       0
                text1                               1CB      1CB       30        8       0
                maintext                            159      159       40        8       0
                cstackBANK0                          2A       2A        A       20       1
                cstackCOMMON                         70       70        7       70       1
                inittext                            214      214       13        8       0
                dataBANK0                            20       20        A       20       1
                bssBANK0                             37       37        2       20       1
                bssCOMMON                            77       77        3       70       1
                nvBANK0                              34       34        3       20       1
                nvCOMMON                             7A       7A        1       70       1
                idataBANK0                          227      227        A        8       0

TOTAL           Name                               Link     Load   Length     Space
        CLASS   CODE           
                end_init                              C        C        3         0
                cinit                                 F        F       17         0
                intentry                              4        4        8         0
                reset_vec                             0        0        3         0
                text6                               199      199       32         0
                text5                               1FB      1FB       19         0
                text4                                95       95       69         0
                text3                                FE       FE       5B         0
                text2                                26       26       6F         0
                text1                               1CB      1CB       30         0
                maintext                            159      159       40         0
                inittext                            214      214       13         0
                idataBANK0                          227      227        A         0

        CLASS   STRCODE        

        CLASS   STRING         

        CLASS   CONST          

        CLASS   ENTRY          

        CLASS   COMMON         
                cstackCOMMON                         70       70        7         1
                bssCOMMON                            77       77        3         1
                nvCOMMON                             7A       7A        1         1

        CLASS   BANK0          
                cstackBANK0                          2A       2A        A         1
                dataBANK0                            20       20        A         1
                bssBANK0                             37       37        2         1
                nvBANK0                              34       34        3         1

        CLASS   BANK1          

        CLASS   BANK2          

        CLASS   BANK3          

        CLASS   RAM            

        CLASS   ABS1           
                abs_s1                               7E       7E        2         1

        CLASS   SFR0           

        CLASS   SFR1           

        CLASS   SFR2           

        CLASS   SFR3           

        CLASS   CONFIG         
                config                             2007     2007        2         4

        CLASS   IDLOC          
                idloc                              2000     2000        4         5

        CLASS   EEDATA         

        CLASS   STACK          



SEGMENTS        Name                           Load    Length   Top    Selector   Space  Class     Delta

                reset_vec                      000000  000003  000003         0       0  CODE        2
                intentry                       000004  00022D  000231         8       0  CODE        2
                dataBANK0                      000020  000019  000039        20       1  BANK0       1
                cstackCOMMON                   000070  00000B  00007B        70       1  COMMON      1


UNUSED ADDRESS RANGES

        Name                Unused          Largest block    Delta
        BANK0            0039-006F             37           1
        BANK1            00A0-00EF             50           1
        BANK2            0110-016F             60           1
        BANK3            0190-01EF             60           1
        CODE             0003-0003              1           2
                         0231-1FFF            800
        COMMON           007B-007D              3           1
        CONST            0003-0003              1           2
                         0231-1FFF            100
        EEDATA           2100-21FF            100           2
        ENTRY            0003-0003              1           2
                         0231-1FFF            100
        RAM              0039-006F             37           1
                         00A0-00EF             50
                         0110-016F             60
                         0190-01EF             60
        SFR0             0000-001F             20           1
        SFR1             0080-009F             20           1
        SFR2             0100-010F             10           1
        SFR3             0180-018F             10           1
        STRCODE          0003-0003              1           2
                         0231-1FFF           1DCF
        STRING           0003-0003              1           2
                         0231-1FFF            100

                                  Symbol Table

?___awdiv                cstackCOMMON 0073
?___awmod                cstackCOMMON 0073
_ANSEL                   (abs)        0188
_ANSELH                  (abs)        0189
_DISPLAY                 dataBANK0    0020
_DSP1                    nvBANK0      0036
_DSP2                    nvBANK0      0035
_DSP3                    nvBANK0      0034
_DSPsetup                text5        01FB
_INTCONbits              (abs)        000B
_IOCBbits                (abs)        0096
_OPTION_REGbits          (abs)        0081
_OSCCONbits              (abs)        008F
_PORTA                   (abs)        0005
_PORTBbits               (abs)        0006
_PORTC                   (abs)        0007
_PORTD                   (abs)        0008
_PORTDbits               (abs)        0008
_T0IF                    (abs)        005A
_TMR0                    (abs)        0001
_TRISA                   (abs)        0085
_TRISBbits               (abs)        0086
_TRISC                   (abs)        0087
_TRISD                   (abs)        0088
_WPUBbits                (abs)        0095
__Habs1                  abs1         0000
__Hbank0                 bank0        0000
__Hbank1                 bank1        0000
__Hbank2                 bank2        0000
__Hbank3                 bank3        0000
__HbssBANK0              bssBANK0     0000
__HbssCOMMON             bssCOMMON    0000
__Hcinit                 cinit        0026
__Hclrtext               clrtext      0000
__Hcode                  code         0000
__Hcommon                common       0000
__Hconfig                config       2009
__HcstackBANK0           cstackBANK0  0000
__HcstackCOMMON          cstackCOMMON 0000
__HdataBANK0             dataBANK0    0000
__Heeprom_data           eeprom_data  0000
__Hend_init              end_init     000F
__Hfunctab               functab      0000
__HidataBANK0            idataBANK0   0000
__Hidloc                 idloc        2004
__Hinit                  init         000C
__Hinittext              inittext     0000
__Hintentry              intentry     000C
__Hmaintext              maintext     0000
__HnvBANK0               nvBANK0      0000
__HnvCOMMON              nvCOMMON     0000
__Hpowerup               powerup      0000
__Hram                   ram          0000
__Hreset_vec             reset_vec    0003
__Hsfr0                  sfr0         0000
__Hsfr1                  sfr1         0000
__Hsfr2                  sfr2         0000
__Hsfr3                  sfr3         0000
__Hspace_0               (abs)        0231
__Hspace_1               (abs)        007B
__Hspace_2               (abs)        0000
__Hspace_3               (abs)        0000
__Hspace_4               (abs)        4010
__Hstack                 stack        0000
__Hstrings               strings      0000
__Htext                  text         0000
__Labs1                  abs1         0000
__Lbank0                 bank0        0000
__Lbank1                 bank1        0000
__Lbank2                 bank2        0000
__Lbank3                 bank3        0000
__LbssBANK0              bssBANK0     0000
__LbssCOMMON             bssCOMMON    0000
__Lcinit                 cinit        000F
__Lclrtext               clrtext      0000
__Lcode                  code         0000
__Lcommon                common       0000
__Lconfig                config       0000
__LcstackBANK0           cstackBANK0  0000
__LcstackCOMMON          cstackCOMMON 0000
__LdataBANK0             dataBANK0    0000
__Leeprom_data           eeprom_data  0000
__Lend_init              end_init     000C
__Lfunctab               functab      0000
__LidataBANK0            idataBANK0   0000
__Lidloc                 idloc        0000
__Linit                  init         000C
__Linittext              inittext     0000
__Lintentry              intentry     0004
__Lmaintext              maintext     0000
__LnvBANK0               nvBANK0      0000
__LnvCOMMON              nvCOMMON     0000
__Lpowerup               powerup      0000
__Lram                   ram          0000
__Lreset_vec             reset_vec    0000
__Lsfr0                  sfr0         0000
__Lsfr1                  sfr1         0000
__Lsfr2                  sfr2         0000
__Lsfr3                  sfr3         0000
__Lspace_0               (abs)        0000
__Lspace_1               (abs)        0000
__Lspace_2               (abs)        0000
__Lspace_3               (abs)        0000
__Lspace_4               (abs)        0000
__Lstack                 stack        0000
__Lstrings               strings      0000
__Ltext                  text         0000
__S0                     (abs)        0231
__S1                     (abs)        007B
__S3                     (abs)        0000
___awdiv                 text4        0095
___awdiv@counter         cstackBANK0  002B
___awdiv@dividend        cstackCOMMON 0075
___awdiv@divisor         cstackCOMMON 0073
___awdiv@quotient        cstackBANK0  002D
___awdiv@sign            cstackBANK0  002C
___awmod                 text3        00FE
___awmod@counter         cstackBANK0  002B
___awmod@dividend        cstackCOMMON 0075
___awmod@divisor         cstackCOMMON 0073
___awmod@sign            cstackBANK0  002C
___int_sp                stack        0000
___latbits               (abs)        0002
___sp                    stack        0000
___stackhi               (abs)        0000
___stacklo               (abs)        0000
__end_of_DSPsetup        text5        0214
__end_of___awdiv         text4        00FE
__end_of___awmod         text3        0159
__end_of__initialization cinit        0022
__end_of_isr             text6        01CB
__end_of_main            maintext     0199
__end_of_separacion      text2        0095
__end_of_setup           text1        01FB
__initialization         cinit        000F
__pbssBANK0              bssBANK0     0037
__pbssCOMMON             bssCOMMON    0077
__pcstackBANK0           cstackBANK0  002A
__pcstackCOMMON          cstackCOMMON 0070
__pdataBANK0             dataBANK0    0020
__pidataBANK0            idataBANK0   0227
__pintentry              intentry     0004
__pmaintext              maintext     0159
__pnvBANK0               nvBANK0      0034
__pnvCOMMON              nvCOMMON     007A
__ptext1                 text1        01CB
__ptext2                 text2        0026
__ptext3                 text3        00FE
__ptext4                 text4        0095
__ptext5                 text5        01FB
__ptext6                 text6        0199
_centenas                bssBANK0     0037
_contador                bssCOMMON    0079
_decenas                 bssBANK0     0038
_isr                     text6        0199
_main                    maintext     0159
_selectorDSP             bssCOMMON    0078
_separacion              text2        0026
_setup                   text1        01CB
_temp                    nvCOMMON     007A
_unidades                bssCOMMON    0077
btemp                    (abs)        007E
end_of_initialization    cinit        0022
init_fetch0              inittext     0214
init_ram0                inittext     0218
interrupt_function       intentry     0004
intlevel0                functab      0000
intlevel1                functab      0000
intlevel2                functab      0000
intlevel3                functab      0000
intlevel4                functab      0000
intlevel5                functab      0000
reset_vec                reset_vec    0000
saved_w                  (abs)        007E
start                    init         000C
start_initialization     cinit        000F
wtemp0                   (abs)        007E


MODULE INFORMATION

Module		Function		Class		Link	Load	Size
Postlab7.c
		_main          		CODE           	0159	0000	64
		_isr           		CODE           	0199	0000	50
		_DSPsetup      		CODE           	01FB	0000	25
		_separacion    		CODE           	0026	0000	111
		_setup         		CODE           	01CB	0000	48

Postlab7.c estimated size: 298

C:\Program Files\Microchip\xc8\v2.35\pic\sources\c90\common\awmod.c
		___awmod       		CODE           	00FE	0000	91

C:\Program Files\Microchip\xc8\v2.35\pic\sources\c90\common\awmod.c estimated size: 91

C:\Program Files\Microchip\xc8\v2.35\pic\sources\c90\common\awdiv.c
		___awdiv       		CODE           	0095	0000	105

C:\Program Files\Microchip\xc8\v2.35\pic\sources\c90\common\awdiv.c estimated size: 105

shared
		__initialization		CODE           	000F	0000	19

shared estimated size: 19

